[INFO] Scanning for projects...
[INFO] 
[INFO] -------------------< com.blackshirt.cms:cms-common >--------------------
[INFO] Building cms-common 0.0.1-SNAPSHOT
[INFO] --------------------------------[ jar ]---------------------------------
[INFO] 
[INFO] --- maven-clean-plugin:2.5:clean (default-clean) @ cms-common ---
[INFO] Deleting D:\PROJECTS\article-website\blackshirt-common\cms-common\target
[INFO] 
[INFO] --- maven-resources-plugin:2.6:resources (default-resources) @ cms-common ---
[INFO] Using 'UTF-8' encoding to copy filtered resources.
[INFO] Copying 1 resource
[INFO] 
[INFO] --- maven-compiler-plugin:3.1:compile (default-compile) @ cms-common ---
[INFO] Changes detected - recompiling the module!
[INFO] Compiling 10 source files to D:\PROJECTS\article-website\blackshirt-common\cms-common\target\classes
[INFO] -------------------------------------------------------------
[ERROR] COMPILATION ERROR : 
[INFO] -------------------------------------------------------------
[ERROR] /D:/PROJECTS/article-website/blackshirt-common/cms-common/src/main/java/com/blackshirt/cms/common/exception/GlobalExceptionHandler.java:[32,24] cannot find symbol
  symbol:   class ApiError
  location: class com.blackshirt.cms.common.exception.GlobalExceptionHandler
[ERROR] /D:/PROJECTS/article-website/blackshirt-common/cms-common/src/main/java/com/blackshirt/cms/common/exception/GlobalExceptionHandler.java:[34,50] cannot find symbol
  symbol:   class ApiError
  location: class com.blackshirt.cms.common.exception.GlobalExceptionHandler
[INFO] 2 errors 
[INFO] -------------------------------------------------------------
[INFO] ------------------------------------------------------------------------
[INFO] BUILD FAILURE
[INFO] ------------------------------------------------------------------------
[INFO] Total time:  2.015 s
[INFO] Finished at: 2026-03-11T19:56:15+05:30
[INFO] ------------------------------------------------------------------------
[ERROR] Failed to execute goal org.apache.maven.plugins:maven-compiler-plugin:3.1:compile (default-compile) on project cms-common: Compilation failure: Compilation failure: 
[ERROR] /D:/PROJECTS/article-website/blackshirt-common/cms-common/src/main/java/com/blackshirt/cms/common/exception/GlobalExceptionHandler.java:[32,24] cannot find symbol
[ERROR]   symbol:   class ApiError
[ERROR]   location: class com.blackshirt.cms.common.exception.GlobalExceptionHandler
[ERROR] /D:/PROJECTS/article-website/blackshirt-common/cms-common/src/main/java/com/blackshirt/cms/common/exception/GlobalExceptionHandler.java:[34,50] cannot find symbol
[ERROR]   symbol:   class ApiError
[ERROR]   location: class com.blackshirt.cms.common.exception.GlobalExceptionHandler
[ERROR] -> [Help 1]
[ERROR] 
[ERROR] To see the full stack trace of the errors, re-run Maven with the -e switch.
[ERROR] Re-run Maven using the -X switch to enable full debug logging.
[ERROR] 
[ERROR] For more information about the errors and possible solutions, please read the following articles:
[ERROR] [Help 1] http://cwiki.apache.org/confluence/display/MAVEN/MojoFailureException
